[2011/06/03 16:24:09 PDT] [TRAC] (/home/qbui/work/hello_test/_xtest_.*S·TestLog4goModule:27) Received message: Testing (10)
[2011/06/03 16:24:09 PDT] [DEBG] (/home/qbui/work/hello_test/_xtest_.*S·TestLog4goModule:36) 1000 123456 qbui
